
> ai-quiz-generator@1.0.0 build
> next build

   Γû▓ Next.js 15.5.12
   - Environments: .env.local, .env

   Linting and checking validity of types ...

./pages/learn/curriculum/[id]/flow.tsx
602:8  Warning: React Hook useCallback has an unnecessary dependency: 'fetchError'. Either exclude it or remove the dependency array.  react-hooks/exhaustive-deps

./pages/learn/index.tsx
228:8  Warning: React Hook useEffect has a missing dependency: 'usage'. Either include it or remove the dependency array.  react-hooks/exhaustive-deps

./pages/learn/[id]/practice.tsx
122:8  Warning: React Hook useEffect has missing dependencies: 'increment' and 'refresh'. Either include them or remove the dependency array.  react-hooks/exhaustive-deps

info  - Need to disable some ESLint rules? Learn more here: https://nextjs.org/docs/app/api-reference/config/eslint#disabling-rules
Failed to compile.

./pages/index.tsx:126:23
Type error: Property 'input' does not exist on type 'UseChatHelpers<UIMessage<unknown, UIDataTypes, UITools>>'.

  124 |     const inputRef = useRef<HTMLTextAreaElement>(null);
  125 |
> 126 |     const { messages, input, handleInputChange, handleSubmit, isLoading, error } = useChat({
      |                       ^
  127 |         api: '/api/home-chat',
  128 |         headers: {
  129 |             ...(token ? { Authorization: `Bearer ${token}` } : {}),
Next.js build worker exited with code: 1 and signal: null
